Archive member included to satisfy reference by file (symbol)

/Users/eser/opt/gcc-arm-none-eabi-7-2017-q4-major/bin/../lib/gcc/arm-none-eabi/7.2.1/../../../../arm-none-eabi/lib/thumb/v7e-m/libg_nano.a(lib_a-exit.o)
                              /Users/eser/opt/gcc-arm-none-eabi-7-2017-q4-major/bin/../lib/gcc/arm-none-eabi/7.2.1/../../../../arm-none-eabi/lib/thumb/v7e-m/crt0.o (exit)
/Users/eser/opt/gcc-arm-none-eabi-7-2017-q4-major/bin/../lib/gcc/arm-none-eabi/7.2.1/../../../../arm-none-eabi/lib/thumb/v7e-m/libg_nano.a(lib_a-impure.o)
                              /Users/eser/opt/gcc-arm-none-eabi-7-2017-q4-major/bin/../lib/gcc/arm-none-eabi/7.2.1/../../../../arm-none-eabi/lib/thumb/v7e-m/libg_nano.a(lib_a-exit.o) (_global_impure_ptr)
/Users/eser/opt/gcc-arm-none-eabi-7-2017-q4-major/bin/../lib/gcc/arm-none-eabi/7.2.1/../../../../arm-none-eabi/lib/thumb/v7e-m/libg_nano.a(lib_a-init.o)
                              /Users/eser/opt/gcc-arm-none-eabi-7-2017-q4-major/bin/../lib/gcc/arm-none-eabi/7.2.1/../../../../arm-none-eabi/lib/thumb/v7e-m/crt0.o (__libc_init_array)
/Users/eser/opt/gcc-arm-none-eabi-7-2017-q4-major/bin/../lib/gcc/arm-none-eabi/7.2.1/../../../../arm-none-eabi/lib/thumb/v7e-m/libg_nano.a(lib_a-memset.o)
                              /Users/eser/opt/gcc-arm-none-eabi-7-2017-q4-major/bin/../lib/gcc/arm-none-eabi/7.2.1/../../../../arm-none-eabi/lib/thumb/v7e-m/crt0.o (memset)

Allocating common symbols
Common symbol       size              file

uwTick              0x4               ./Drivers/STM32L4xx_HAL_Driver/Src/stm32l4xx_hal.o
pFlash              0x20              ./Drivers/STM32L4xx_HAL_Driver/Src/stm32l4xx_hal_flash.o

Discarded input sections

 .text          0x0000000000000000        0x0 /Users/eser/opt/gcc-arm-none-eabi-7-2017-q4-major/bin/../lib/gcc/arm-none-eabi/7.2.1/thumb/v7e-m/crti.o
 .data          0x0000000000000000        0x0 /Users/eser/opt/gcc-arm-none-eabi-7-2017-q4-major/bin/../lib/gcc/arm-none-eabi/7.2.1/thumb/v7e-m/crti.o
 .bss           0x0000000000000000        0x0 /Users/eser/opt/gcc-arm-none-eabi-7-2017-q4-major/bin/../lib/gcc/arm-none-eabi/7.2.1/thumb/v7e-m/crti.o
 .data          0x0000000000000000        0x4 /Users/eser/opt/gcc-arm-none-eabi-7-2017-q4-major/bin/../lib/gcc/arm-none-eabi/7.2.1/thumb/v7e-m/crtbegin.o
 .text          0x0000000000000000       0x74 /Users/eser/opt/gcc-arm-none-eabi-7-2017-q4-major/bin/../lib/gcc/arm-none-eabi/7.2.1/../../../../arm-none-eabi/lib/thumb/v7e-m/crt0.o
 .data          0x0000000000000000        0x0 /Users/eser/opt/gcc-arm-none-eabi-7-2017-q4-major/bin/../lib/gcc/arm-none-eabi/7.2.1/../../../../arm-none-eabi/lib/thumb/v7e-m/crt0.o
 .bss           0x0000000000000000        0x0 /Users/eser/opt/gcc-arm-none-eabi-7-2017-q4-major/bin/../lib/gcc/arm-none-eabi/7.2.1/../../../../arm-none-eabi/lib/thumb/v7e-m/crt0.o
 .ARM.extab     0x0000000000000000        0x0 /Users/eser/opt/gcc-arm-none-eabi-7-2017-q4-major/bin/../lib/gcc/arm-none-eabi/7.2.1/../../../../arm-none-eabi/lib/thumb/v7e-m/crt0.o
 .ARM.exidx     0x0000000000000000        0x8 /Users/eser/opt/gcc-arm-none-eabi-7-2017-q4-major/bin/../lib/gcc/arm-none-eabi/7.2.1/../../../../arm-none-eabi/lib/thumb/v7e-m/crt0.o
 .ARM.attributes
                0x0000000000000000       0x1c /Users/eser/opt/gcc-arm-none-eabi-7-2017-q4-major/bin/../lib/gcc/arm-none-eabi/7.2.1/../../../../arm-none-eabi/lib/thumb/v7e-m/crt0.o
 .text          0x0000000000000000       0x14 ./startup/startup_stm32l476xx.o
 .data          0x0000000000000000        0x0 ./startup/startup_stm32l476xx.o
 .bss           0x0000000000000000        0x0 ./startup/startup_stm32l476xx.o
 .group         0x0000000000000000        0xc ./Src/main.o
 .group         0x0000000000000000        0xc ./Src/main.o
 .group         0x0000000000000000        0xc ./Src/main.o
 .group         0x0000000000000000        0xc ./Src/main.o
 .group         0x0000000000000000        0xc ./Src/main.o
 .group         0x0000000000000000        0xc ./Src/main.o
 .group         0x0000000000000000        0xc ./Src/main.o
 .group         0x0000000000000000        0xc ./Src/main.o
 .group         0x0000000000000000        0xc ./Src/main.o
 .group         0x0000000000000000        0xc ./Src/main.o
 .group         0x0000000000000000        0xc ./Src/main.o
 .group         0x0000000000000000        0xc ./Src/main.o
 .group         0x0000000000000000        0xc ./Src/main.o
 .group         0x0000000000000000        0xc ./Src/main.o
 .group         0x0000000000000000        0xc ./Src/main.o
 .group         0x0000000000000000        0xc ./Src/main.o
 .group         0x0000000000000000        0xc ./Src/main.o
 .group         0x0000000000000000        0xc ./Src/main.o
 .group         0x0000000000000000        0xc ./Src/main.o
 .group         0x0000000000000000        0xc ./Src/main.o
 .group         0x0000000000000000        0xc ./Src/main.o
 .group         0x0000000000000000        0xc ./Src/main.o
 .group         0x0000000000000000        0xc ./Src/main.o
[...]
Memory Configuration

Name             Origin             Length             Attributes
RAM              0x0000000020000000 0x0000000000018000 xrw
RAM2             0x0000000010000000 0x0000000000008000 xrw
FLASH            0x0000000008000000 0x0000000000100000 xr
*default*        0x0000000000000000 0xffffffffffffffff

Linker script and memory map

LOAD /Users/eser/opt/gcc-arm-none-eabi-7-2017-q4-major/bin/../lib/gcc/arm-none-eabi/7.2.1/thumb/v7e-m/crti.o
LOAD /Users/eser/opt/gcc-arm-none-eabi-7-2017-q4-major/bin/../lib/gcc/arm-none-eabi/7.2.1/thumb/v7e-m/crtbegin.o
LOAD /Users/eser/opt/gcc-arm-none-eabi-7-2017-q4-major/bin/../lib/gcc/arm-none-eabi/7.2.1/../../../../arm-none-eabi/lib/thumb/v7e-m/crt0.o
LOAD ./startup/startup_stm32l476xx.o
LOAD ./Src/main.o
LOAD ./Src/stm32l4xx_hal_msp.o
LOAD ./Src/stm32l4xx_it.o
LOAD ./Src/system_stm32l4xx.o
LOAD ./Drivers/STM32L4xx_HAL_Driver/Src/stm32l4xx_hal.o
LOAD ./Drivers/STM32L4xx_HAL_Driver/Src/stm32l4xx_hal_cortex.o
LOAD ./Drivers/STM32L4xx_HAL_Driver/Src/stm32l4xx_hal_dma.o
LOAD ./Drivers/STM32L4xx_HAL_Driver/Src/stm32l4xx_hal_dma_ex.o
LOAD ./Drivers/STM32L4xx_HAL_Driver/Src/stm32l4xx_hal_flash.o
LOAD ./Drivers/STM32L4xx_HAL_Driver/Src/stm32l4xx_hal_flash_ex.o
LOAD ./Drivers/STM32L4xx_HAL_Driver/Src/stm32l4xx_hal_flash_ramfunc.o
LOAD ./Drivers/STM32L4xx_HAL_Driver/Src/stm32l4xx_hal_gpio.o
LOAD ./Drivers/STM32L4xx_HAL_Driver/Src/stm32l4xx_hal_i2c.o
LOAD ./Drivers/STM32L4xx_HAL_Driver/Src/stm32l4xx_hal_i2c_ex.o
LOAD ./Drivers/STM32L4xx_HAL_Driver/Src/stm32l4xx_hal_pwr.o
LOAD ./Drivers/STM32L4xx_HAL_Driver/Src/stm32l4xx_hal_pwr_ex.o
LOAD ./Drivers/STM32L4xx_HAL_Driver/Src/stm32l4xx_hal_rcc.o
LOAD ./Drivers/STM32L4xx_HAL_Driver/Src/stm32l4xx_hal_rcc_ex.o
LOAD ./Drivers/STM32L4xx_HAL_Driver/Src/stm32l4xx_hal_tim.o
LOAD ./Drivers/STM32L4xx_HAL_Driver/Src/stm32l4xx_hal_tim_ex.o
LOAD /Users/eser/opt/gcc-arm-none-eabi-7-2017-q4-major/bin/../lib/gcc/arm-none-eabi/7.2.1/../../../../arm-none-eabi/lib/thumb/v7e-m/libstdc++_nano.a
LOAD /Users/eser/opt/gcc-arm-none-eabi-7-2017-q4-major/bin/../lib/gcc/arm-none-eabi/7.2.1/../../../../arm-none-eabi/lib/thumb/v7e-m/libm.a
START GROUP
LOAD /Users/eser/opt/gcc-arm-none-eabi-7-2017-q4-major/bin/../lib/gcc/arm-none-eabi/7.2.1/thumb/v7e-m/libgcc.a
LOAD /Users/eser/opt/gcc-arm-none-eabi-7-2017-q4-major/bin/../lib/gcc/arm-none-eabi/7.2.1/../../../../arm-none-eabi/lib/thumb/v7e-m/libg_nano.a
LOAD /Users/eser/opt/gcc-arm-none-eabi-7-2017-q4-major/bin/../lib/gcc/arm-none-eabi/7.2.1/../../../../arm-none-eabi/lib/thumb/v7e-m/libc_nano.a
END GROUP
START GROUP
LOAD /Users/eser/opt/gcc-arm-none-eabi-7-2017-q4-major/bin/../lib/gcc/arm-none-eabi/7.2.1/thumb/v7e-m/libgcc.a
LOAD /Users/eser/opt/gcc-arm-none-eabi-7-2017-q4-major/bin/../lib/gcc/arm-none-eabi/7.2.1/../../../../arm-none-eabi/lib/thumb/v7e-m/libc_nano.a
END GROUP
LOAD /Users/eser/opt/gcc-arm-none-eabi-7-2017-q4-major/bin/../lib/gcc/arm-none-eabi/7.2.1/thumb/v7e-m/crtend.o
LOAD /Users/eser/opt/gcc-arm-none-eabi-7-2017-q4-major/bin/../lib/gcc/arm-none-eabi/7.2.1/thumb/v7e-m/crtn.o
                0x0000000020018000                _estack = 0x20018000
                0x0000000000000200                _Min_Heap_Size = 0x200
                0x0000000000000400                _Min_Stack_Size = 0x400

.isr_vector     0x0000000008000000      0x188
                0x0000000008000000                . = ALIGN (0x8)
 *(.isr_vector)
 .isr_vector    0x0000000008000000      0x188 ./startup/startup_stm32l476xx.o
                0x0000000008000000                g_pfnVectors
                0x0000000008000188                . = ALIGN (0x8)

.text           0x0000000008000188      0xfe8
                0x0000000008000188                . = ALIGN (0x8)
 *(.text)
 .text          0x0000000008000188       0x40 /Users/eser/opt/gcc-arm-none-eabi-7-2017-q4-major/bin/../lib/gcc/arm-none-eabi/7.2.1/thumb/v7e-m/crtbegin.o
 *(.text*)
 .text.Reset_Handler
                0x00000000080001c8       0x50 ./startup/startup_stm32l476xx.o
                0x00000000080001c8                Reset_Handler
 .text.Default_Handler
                0x0000000008000218        0x2 ./startup/startup_stm32l476xx.o
                0x0000000008000218                TIM1_BRK_TIM15_IRQHandler
                0x0000000008000218                EXTI2_IRQHandler
                0x0000000008000218                TIM8_TRG_COM_IRQHandler
                0x0000000008000218                TIM8_CC_IRQHandler
                0x0000000008000218                DebugMon_Handler
                0x0000000008000218                TIM1_CC_IRQHandler
                0x0000000008000218                TSC_IRQHandler
                0x0000000008000218                HardFault_Handler
                0x0000000008000218                TAMP_STAMP_IRQHandler
                0x0000000008000218                PendSV_Handler
                0x0000000008000218                NMI_Handler
                0x0000000008000218                EXTI3_IRQHandler
                0x0000000008000218                LPTIM2_IRQHandler
                0x0000000008000218                DFSDM1_FLT1_IRQHandler
                0x0000000008000218                I2C3_ER_IRQHandler
                0x0000000008000218                DFSDM1_FLT2_IRQHandler
                0x0000000008000218                EXTI0_IRQHandler
                0x0000000008000218                I2C2_EV_IRQHandler
                0x0000000008000218                CAN1_RX0_IRQHandler
                0x0000000008000218                FPU_IRQHandler
                0x0000000008000218                TIM1_UP_TIM16_IRQHandler
                0x0000000008000218                UsageFault_Handler
                0x0000000008000218                ADC1_2_IRQHandler
                0x0000000008000218                SPI1_IRQHandler
                0x0000000008000218                TIM6_DAC_IRQHandler
                0x0000000008000218                TIM8_UP_IRQHandler
                0x0000000008000218                DMA2_Channel2_IRQHandler
                0x0000000008000218                DMA1_Channel4_IRQHandler
                0x0000000008000218                SAI2_IRQHandler
                0x0000000008000218                DFSDM1_FLT3_IRQHandler
                0x0000000008000218                USART3_IRQHandler
                0x0000000008000218                DMA1_Channel7_IRQHandler
                0x0000000008000218                CAN1_RX1_IRQHandler
                0x0000000008000218                LCD_IRQHandler
                0x0000000008000218                UART5_IRQHandler
                0x0000000008000218                ADC3_IRQHandler
                0x0000000008000218                TIM4_IRQHandler
                0x0000000008000218                DMA2_Channel1_IRQHandler
                0x0000000008000218                QUADSPI_IRQHandler
                0x0000000008000218                I2C1_EV_IRQHandler
                0x0000000008000218                DMA1_Channel6_IRQHandler
                0x0000000008000218                UART4_IRQHandler
                0x0000000008000218                DMA2_Channel4_IRQHandler
                0x0000000008000218                TIM3_IRQHandler
                0x0000000008000218                RCC_IRQHandler
                0x0000000008000218                DMA1_Channel1_IRQHandler
                0x0000000008000218                Default_Handler
                0x0000000008000218                DMA2_Channel7_IRQHandler
                0x0000000008000218                EXTI15_10_IRQHandler
                0x0000000008000218                TIM7_IRQHandler
                0x0000000008000218                SDMMC1_IRQHandler
                0x0000000008000218                TIM5_IRQHandler
                0x0000000008000218                I2C3_EV_IRQHandler
                0x0000000008000218                EXTI9_5_IRQHandler
                0x0000000008000218                RTC_WKUP_IRQHandler
                0x0000000008000218                PVD_PVM_IRQHandler
                0x0000000008000218                SPI2_IRQHandler
                0x0000000008000218                MemManage_Handler
                0x0000000008000218                CAN1_TX_IRQHandler
                0x0000000008000218                SVC_Handler
                0x0000000008000218                DMA2_Channel5_IRQHandler
                0x0000000008000218                DMA1_Channel5_IRQHandler
                0x0000000008000218                EXTI4_IRQHandler
                0x0000000008000218                RNG_IRQHandler
                0x0000000008000218                TIM1_TRG_COM_TIM17_IRQHandler
                0x0000000008000218                DMA1_Channel3_IRQHandler
                0x0000000008000218                COMP_IRQHandler
                0x0000000008000218                WWDG_IRQHandler
                0x0000000008000218                LPUART1_IRQHandler
                0x0000000008000218                DMA2_Channel6_IRQHandler
                0x0000000008000218                TIM2_IRQHandler
                0x0000000008000218                EXTI1_IRQHandler
                0x0000000008000218                USART2_IRQHandler
                0x0000000008000218                DFSDM1_FLT0_IRQHandler
                0x0000000008000218                I2C2_ER_IRQHandler
                0x0000000008000218                DMA1_Channel2_IRQHandler
                0x0000000008000218                TIM8_BRK_IRQHandler
                0x0000000008000218                CAN1_SCE_IRQHandler
                0x0000000008000218                FLASH_IRQHandler
                0x0000000008000218                BusFault_Handler
                0x0000000008000218                USART1_IRQHandler
                0x0000000008000218                OTG_FS_IRQHandler
                0x0000000008000218                SPI3_IRQHandler
                0x0000000008000218                I2C1_ER_IRQHandler
                0x0000000008000218                FMC_IRQHandler
                0x0000000008000218                SWPMI1_IRQHandler
                0x0000000008000218                LPTIM1_IRQHandler
                0x0000000008000218                SAI1_IRQHandler
                0x0000000008000218                DMA2_Channel3_IRQHandler
                0x0000000008000218                RTC_Alarm_IRQHandler
 *fill*         0x000000000800021a        0x2 
 .text.MX_GPIO_Init
                0x000000000800021c       0xb4 ./Src/main.o
 .text._Error_Handler
                0x00000000080002d0        0x2 ./Src/main.o
                0x00000000080002d0                _Error_Handler
 *fill*         0x00000000080002d2        0x2 
 .text.SystemClock_Config
                0x00000000080002d4       0x88 ./Src/main.o
                0x00000000080002d4                SystemClock_Config
 .text.main     0x000000000800035c       0x22 ./Src/main.o
                0x000000000800035c                main
 *fill*         0x000000000800037e        0x2 
 .text.HAL_MspInit
                0x0000000008000380       0x90 ./Src/stm32l4xx_hal_msp.o
                0x0000000008000380                HAL_MspInit
 .text.SysTick_Handler
                0x0000000008000410        0xc ./Src/stm32l4xx_it.o
                0x0000000008000410                SysTick_Handler
 .text.SystemInit
                0x000000000800041c       0x3c ./Src/system_stm32l4xx.o
                0x000000000800041c                SystemInit
 .text.HAL_InitTick
                0x0000000008000458       0x2c ./Drivers/STM32L4xx_HAL_Driver/Src/stm32l4xx_hal.o
                0x0000000008000458                HAL_InitTick
 .text.HAL_Init
                0x0000000008000484       0x24 ./Drivers/STM32L4xx_HAL_Driver/Src/stm32l4xx_hal.o
                0x0000000008000484                HAL_Init
 .text.HAL_IncTick
                0x00000000080004a8       0x10 ./Drivers/STM32L4xx_HAL_Driver/Src/stm32l4xx_hal.o
                0x00000000080004a8                HAL_IncTick
 .text.HAL_GetTick
                0x00000000080004b8        0xc ./Drivers/STM32L4xx_HAL_Driver/Src/stm32l4xx_hal.o
                0x00000000080004b8                HAL_GetTick
 .text.HAL_Delay
                0x00000000080004c4       0x1e ./Drivers/STM32L4xx_HAL_Driver/Src/stm32l4xx_hal.o
                0x00000000080004c4                HAL_Delay
 *fill*         0x00000000080004e2        0x2 
 .text.HAL_NVIC_SetPriorityGrouping
                0x00000000080004e4       0x24 ./Drivers/STM32L4xx_HAL_Driver/Src/stm32l4xx_hal_cortex.o
                0x00000000080004e4                HAL_NVIC_SetPriorityGrouping
 .text.HAL_NVIC_SetPriority
                0x0000000008000508       0x68 ./Drivers/STM32L4xx_HAL_Driver/Src/stm32l4xx_hal_cortex.o
                0x0000000008000508                HAL_NVIC_SetPriority
 .text.HAL_SYSTICK_Config
                0x0000000008000570       0x2c ./Drivers/STM32L4xx_HAL_Driver/Src/stm32l4xx_hal_cortex.o
                0x0000000008000570                HAL_SYSTICK_Config
 .text.HAL_SYSTICK_CLKSourceConfig
                0x000000000800059c       0x20 ./Drivers/STM32L4xx_HAL_Driver/Src/stm32l4xx_hal_cortex.o
                0x000000000800059c                HAL_SYSTICK_CLKSourceConfig
 .text.HAL_SYSTICK_Callback
                0x00000000080005bc        0x2 ./Drivers/STM32L4xx_HAL_Driver/Src/stm32l4xx_hal_cortex.o
                0x00000000080005bc                HAL_SYSTICK_Callback
 .text.HAL_SYSTICK_IRQHandler
                0x00000000080005be        0x8 ./Drivers/STM32L4xx_HAL_Driver/Src/stm32l4xx_hal_cortex.o
                0x00000000080005be                HAL_SYSTICK_IRQHandler
 *fill*         0x00000000080005c6        0x2 
 .text.HAL_GPIO_Init
                0x00000000080005c8      0x1d4 ./Drivers/STM32L4xx_HAL_Driver/Src/stm32l4xx_hal_gpio.o
                0x00000000080005c8                HAL_GPIO_Init
 .text.HAL_GPIO_WritePin
                0x000000000800079c        0xa ./Drivers/STM32L4xx_HAL_Driver/Src/stm32l4xx_hal_gpio.o
                0x000000000800079c                HAL_GPIO_WritePin
 .text.HAL_GPIO_TogglePin
                0x00000000080007a6        0x8 ./Drivers/STM32L4xx_HAL_Driver/Src/stm32l4xx_hal_gpio.o
                0x00000000080007a6                HAL_GPIO_TogglePin
 *fill*         0x00000000080007ae        0x2 
 .text.HAL_PWREx_GetVoltageRange
                0x00000000080007b0       0x10 ./Drivers/STM32L4xx_HAL_Driver/Src/stm32l4xx_hal_pwr_ex.o
                0x00000000080007b0                HAL_PWREx_GetVoltageRange
 .text.HAL_PWREx_ControlVoltageScaling
                0x00000000080007c0       0x90 ./Drivers/STM32L4xx_HAL_Driver/Src/stm32l4xx_hal_pwr_ex.o
                0x00000000080007c0                HAL_PWREx_ControlVoltageScaling
 .text.RCC_SetFlashLatencyFromMSIRange
                0x0000000008000850       0x90 ./Drivers/STM32L4xx_HAL_Driver/Src/stm32l4xx_hal_rcc.o
 .text.HAL_RCC_GetSysClockFreq
                0x00000000080008e0      0x100 ./Drivers/STM32L4xx_HAL_Driver/Src/stm32l4xx_hal_rcc.o
                0x00000000080008e0                HAL_RCC_GetSysClockFreq
 .text.HAL_RCC_OscConfig
                0x00000000080009e0      0x574 ./Drivers/STM32L4xx_HAL_Driver/Src/stm32l4xx_hal_rcc.o
                0x00000000080009e0                HAL_RCC_OscConfig
 .text.HAL_RCC_ClockConfig
                0x0000000008000f54      0x1ac ./Drivers/STM32L4xx_HAL_Driver/Src/stm32l4xx_hal_rcc.o
                0x0000000008000f54                HAL_RCC_ClockConfig
 .text.HAL_RCC_GetHCLKFreq
                0x0000000008001100        0xc ./Drivers/STM32L4xx_HAL_Driver/Src/stm32l4xx_hal_rcc.o
                0x0000000008001100                HAL_RCC_GetHCLKFreq
 .text.__libc_init_array
                0x000000000800110c       0x48 /Users/eser/opt/gcc-arm-none-eabi-7-2017-q4-major/bin/../lib/gcc/arm-none-eabi/7.2.1/../../../../arm-none-eabi/lib/thumb/v7e-m/libg_nano.a(lib_a-init.o)
                0x000000000800110c                __libc_init_array
 *(.glue_7)
 .glue_7        0x0000000008001154        0x0 linker stubs
 *(.glue_7t)
 .glue_7t       0x0000000008001154        0x0 linker stubs
 *(.eh_frame)
 .eh_frame      0x0000000008001154        0x0 /Users/eser/opt/gcc-arm-none-eabi-7-2017-q4-major/bin/../lib/gcc/arm-none-eabi/7.2.1/thumb/v7e-m/crtbegin.o
 *(.init)
 .init          0x0000000008001154        0x4 /Users/eser/opt/gcc-arm-none-eabi-7-2017-q4-major/bin/../lib/gcc/arm-none-eabi/7.2.1/thumb/v7e-m/crti.o
                0x0000000008001154                _init
 .init          0x0000000008001158        0x8 /Users/eser/opt/gcc-arm-none-eabi-7-2017-q4-major/bin/../lib/gcc/arm-none-eabi/7.2.1/thumb/v7e-m/crtn.o
 *(.fini)
 .fini          0x0000000008001160        0x4 /Users/eser/opt/gcc-arm-none-eabi-7-2017-q4-major/bin/../lib/gcc/arm-none-eabi/7.2.1/thumb/v7e-m/crti.o
                0x0000000008001160                _fini
 .fini          0x0000000008001164        0x8 /Users/eser/opt/gcc-arm-none-eabi-7-2017-q4-major/bin/../lib/gcc/arm-none-eabi/7.2.1/thumb/v7e-m/crtn.o
                0x0000000008001170                . = ALIGN (0x8)
 *fill*         0x000000000800116c        0x4 
                0x0000000008001170                _etext = .

.vfp11_veneer   0x0000000008001170        0x0
 .vfp11_veneer  0x0000000008001170        0x0 linker stubs

.v4_bx          0x0000000008001170        0x0
 .v4_bx         0x0000000008001170        0x0 linker stubs

.iplt           0x0000000008001170        0x0
 .iplt          0x0000000008001170        0x0 /Users/eser/opt/gcc-arm-none-eabi-7-2017-q4-major/bin/../lib/gcc/arm-none-eabi/7.2.1/thumb/v7e-m/crtbegin.o

.rodata         0x0000000008001170       0x50
                0x0000000008001170                . = ALIGN (0x8)
 *(.rodata)
 *(.rodata*)
 .rodata.SystemClock_Config.str1.4
                0x0000000008001170       0x10 ./Src/main.o
                                          0xe (size before relaxing)
 .rodata.AHBPrescTable
                0x0000000008001180       0x10 ./Src/system_stm32l4xx.o
                0x0000000008001180                AHBPrescTable
 .rodata.MSIRangeTable
                0x0000000008001190       0x30 ./Src/system_stm32l4xx.o
                0x0000000008001190                MSIRangeTable
                0x00000000080011c0                . = ALIGN (0x8)

.rel.dyn        0x00000000080011c0        0x0
 .rel.iplt      0x00000000080011c0        0x0 /Users/eser/opt/gcc-arm-none-eabi-7-2017-q4-major/bin/../lib/gcc/arm-none-eabi/7.2.1/thumb/v7e-m/crtbegin.o

.ARM.extab      0x00000000080011c0        0x0
                0x00000000080011c0                . = ALIGN (0x8)
 *(.ARM.extab* .gnu.linkonce.armextab.*)
                0x00000000080011c0                . = ALIGN (0x8)

.ARM            0x00000000080011c0        0x0
                0x00000000080011c0                . = ALIGN (0x8)
                0x00000000080011c0                __exidx_start = .
 *(.ARM.exidx*)
                0x00000000080011c0                __exidx_end = .
                0x00000000080011c0                . = ALIGN (0x8)

.preinit_array  0x00000000080011c0        0x0
                0x00000000080011c0                . = ALIGN (0x8)
                0x00000000080011c0                PROVIDE (__preinit_array_start, .)
 *(.preinit_array*)
                0x00000000080011c0                PROVIDE (__preinit_array_end, .)
                0x00000000080011c0                . = ALIGN (0x8)

.init_array     0x00000000080011c0        0x8
                0x00000000080011c0                . = ALIGN (0x8)
                0x00000000080011c0                PROVIDE (__init_array_start, .)
 *(SORT_BY_NAME(.init_array.*))
 *(.init_array*)
 .init_array    0x00000000080011c0        0x4 /Users/eser/opt/gcc-arm-none-eabi-7-2017-q4-major/bin/../lib/gcc/arm-none-eabi/7.2.1/thumb/v7e-m/crtbegin.o
                0x00000000080011c4                PROVIDE (__init_array_end, .)
                0x00000000080011c8                . = ALIGN (0x8)
 *fill*         0x00000000080011c4        0x4 

.fini_array     0x00000000080011c8        0x8
                0x00000000080011c8                . = ALIGN (0x8)
                [!provide]                        PROVIDE (__fini_array_start, .)
 *(SORT_BY_NAME(.fini_array.*))
 *(.fini_array*)
 .fini_array    0x00000000080011c8        0x4 /Users/eser/opt/gcc-arm-none-eabi-7-2017-q4-major/bin/../lib/gcc/arm-none-eabi/7.2.1/thumb/v7e-m/crtbegin.o
                [!provide]                        PROVIDE (__fini_array_end, .)
                0x00000000080011d0                . = ALIGN (0x8)
 *fill*         0x00000000080011cc        0x4 
                0x00000000080011d0                _sidata = LOADADDR (.data)

.data           0x0000000020000000        0x8 load address 0x00000000080011d0
                0x0000000020000000                . = ALIGN (0x8)
                0x0000000020000000                _sdata = .
 *(.data)
 *(.data*)
 .data.SystemCoreClock
                0x0000000020000000        0x4 ./Src/system_stm32l4xx.o
                0x0000000020000000                SystemCoreClock
                0x0000000020000008                . = ALIGN (0x8)
 *fill*         0x0000000020000004        0x4 
                0x0000000020000008                _edata = .

.igot.plt       0x0000000020000008        0x0 load address 0x00000000080011d8
 .igot.plt      0x0000000020000008        0x0 /Users/eser/opt/gcc-arm-none-eabi-7-2017-q4-major/bin/../lib/gcc/arm-none-eabi/7.2.1/thumb/v7e-m/crtbegin.o
                0x0000000020000008                . = ALIGN (0x4)

.bss            0x0000000020000008       0x20 load address 0x00000000080011d8
                0x0000000020000008                _sbss = .
                0x0000000020000008                __bss_start__ = _sbss
 *(.bss)
 .bss           0x0000000020000008       0x1c /Users/eser/opt/gcc-arm-none-eabi-7-2017-q4-major/bin/../lib/gcc/arm-none-eabi/7.2.1/thumb/v7e-m/crtbegin.o
 *(.bss*)
 *(COMMON)
 COMMON         0x0000000020000024        0x4 ./Drivers/STM32L4xx_HAL_Driver/Src/stm32l4xx_hal.o
                0x0000000020000024                uwTick
                0x0000000020000028                . = ALIGN (0x4)
                0x0000000020000028                _ebss = .
                0x0000000020000028                __bss_end__ = _ebss

._user_heap_stack
                0x0000000020000028      0x600 load address 0x00000000080011d8
                0x0000000020000028                . = ALIGN (0x8)
                [!provide]                        PROVIDE (end, .)
                [!provide]                        PROVIDE (_end, .)
                0x0000000020000228                . = (. + _Min_Heap_Size)
 *fill*         0x0000000020000028      0x200 
                0x0000000020000628                . = (. + _Min_Stack_Size)
 *fill*         0x0000000020000228      0x400 
                0x0000000020000628                . = ALIGN (0x8)

/DISCARD/
 libc.a(*)
 libm.a(*)
 libgcc.a(*)

.ARM.attributes
                0x0000000000000000       0x2a
 *(.ARM.attributes)
 .ARM.attributes
                0x0000000000000000       0x1e /Users/eser/opt/gcc-arm-none-eabi-7-2017-q4-major/bin/../lib/gcc/arm-none-eabi/7.2.1/thumb/v7e-m/crti.o
 .ARM.attributes
                0x000000000000001e       0x2e /Users/eser/opt/gcc-arm-none-eabi-7-2017-q4-major/bin/../lib/gcc/arm-none-eabi/7.2.1/thumb/v7e-m/crtbegin.o
 .ARM.attributes
                0x000000000000004c       0x21 ./startup/startup_stm32l476xx.o
 .ARM.attributes
                0x000000000000006d       0x33 ./Src/main.o
 .ARM.attributes
                0x00000000000000a0       0x33 ./Src/stm32l4xx_hal_msp.o
 .ARM.attributes
                0x00000000000000d3       0x33 ./Src/stm32l4xx_it.o
 .ARM.attributes
                0x0000000000000106       0x33 ./Src/system_stm32l4xx.o
 .ARM.attributes
                0x0000000000000139       0x33 ./Drivers/STM32L4xx_HAL_Driver/Src/stm32l4xx_hal.o
 .ARM.attributes
                0x000000000000016c       0x33 ./Drivers/STM32L4xx_HAL_Driver/Src/stm32l4xx_hal_cortex.o
 .ARM.attributes
                0x000000000000019f       0x33 ./Drivers/STM32L4xx_HAL_Driver/Src/stm32l4xx_hal_gpio.o
 .ARM.attributes
                0x00000000000001d2       0x33 ./Drivers/STM32L4xx_HAL_Driver/Src/stm32l4xx_hal_pwr_ex.o
 .ARM.attributes
                0x0000000000000205       0x33 ./Drivers/STM32L4xx_HAL_Driver/Src/stm32l4xx_hal_rcc.o
 .ARM.attributes
                0x0000000000000238       0x2e /Users/eser/opt/gcc-arm-none-eabi-7-2017-q4-major/bin/../lib/gcc/arm-none-eabi/7.2.1/../../../../arm-none-eabi/lib/thumb/v7e-m/libg_nano.a(lib_a-init.o)
 .ARM.attributes
                0x0000000000000266       0x1e /Users/eser/opt/gcc-arm-none-eabi-7-2017-q4-major/bin/../lib/gcc/arm-none-eabi/7.2.1/thumb/v7e-m/crtn.o
OUTPUT(test1.elf elf32-littlearm)

.debug_line     0x0000000000000000     0x4602
 .debug_line    0x0000000000000000       0x7f ./startup/startup_stm32l476xx.o
 .debug_line    0x000000000000007f      0x6fb ./Src/main.o
 .debug_line    0x000000000000077a      0x6a6 ./Src/stm32l4xx_hal_msp.o
 .debug_line    0x0000000000000e20      0x6ab ./Src/stm32l4xx_it.o
 .debug_line    0x00000000000014cb      0x210 ./Src/system_stm32l4xx.o
 .debug_line    0x00000000000016db      0x8fd ./Drivers/STM32L4xx_HAL_Driver/Src/stm32l4xx_hal.o
 .debug_line    0x0000000000001fd8      0x8dc ./Drivers/STM32L4xx_HAL_Driver/Src/stm32l4xx_hal_cortex.o
 .debug_line    0x00000000000028b4      0x824 ./Drivers/STM32L4xx_HAL_Driver/Src/stm32l4xx_hal_gpio.o
 .debug_line    0x00000000000030d8      0xb31 ./Drivers/STM32L4xx_HAL_Driver/Src/stm32l4xx_hal_pwr_ex.o
 .debug_line    0x0000000000003c09      0x9f9 ./Drivers/STM32L4xx_HAL_Driver/Src/stm32l4xx_hal_rcc.o

.debug_info     0x0000000000000000     0x9563
 .debug_info    0x0000000000000000       0x22 ./startup/startup_stm32l476xx.o
 .debug_info    0x0000000000000022     0x1348 ./Src/main.o
 .debug_info    0x000000000000136a      0xeb9 ./Src/stm32l4xx_hal_msp.o
 .debug_info    0x0000000000002223      0x980 ./Src/stm32l4xx_it.o
 .debug_info    0x0000000000002ba3      0x599 ./Src/system_stm32l4xx.o
 .debug_info    0x000000000000313c     0x1403 ./Drivers/STM32L4xx_HAL_Driver/Src/stm32l4xx_hal.o
 .debug_info    0x000000000000453f     0x1763 ./Drivers/STM32L4xx_HAL_Driver/Src/stm32l4xx_hal_cortex.o
 .debug_info    0x0000000000005ca2     0x1060 ./Drivers/STM32L4xx_HAL_Driver/Src/stm32l4xx_hal_gpio.o
 .debug_info    0x0000000000006d02     0x12a7 ./Drivers/STM32L4xx_HAL_Driver/Src/stm32l4xx_hal_pwr_ex.o
 .debug_info    0x0000000000007fa9     0x15ba ./Drivers/STM32L4xx_HAL_Driver/Src/stm32l4xx_hal_rcc.o

.debug_abbrev   0x0000000000000000     0x16da
 .debug_abbrev  0x0000000000000000       0x12 ./startup/startup_stm32l476xx.o
 .debug_abbrev  0x0000000000000012      0x282 ./Src/main.o
 .debug_abbrev  0x0000000000000294      0x234 ./Src/stm32l4xx_hal_msp.o
 .debug_abbrev  0x00000000000004c8      0x1cf ./Src/stm32l4xx_it.o
 .debug_abbrev  0x0000000000000697      0x134 ./Src/system_stm32l4xx.o
 .debug_abbrev  0x00000000000007cb      0x2ee ./Drivers/STM32L4xx_HAL_Driver/Src/stm32l4xx_hal.o
 .debug_abbrev  0x0000000000000ab9      0x3ba ./Drivers/STM32L4xx_HAL_Driver/Src/stm32l4xx_hal_cortex.o
 .debug_abbrev  0x0000000000000e73      0x2a7 ./Drivers/STM32L4xx_HAL_Driver/Src/stm32l4xx_hal_gpio.o
 .debug_abbrev  0x000000000000111a      0x2d4 ./Drivers/STM32L4xx_HAL_Driver/Src/stm32l4xx_hal_pwr_ex.o
 .debug_abbrev  0x00000000000013ee      0x2ec ./Drivers/STM32L4xx_HAL_Driver/Src/stm32l4xx_hal_rcc.o

.debug_aranges  0x0000000000000000      0x4b0
 .debug_aranges
                0x0000000000000000       0x28 ./startup/startup_stm32l476xx.o
 .debug_aranges
                0x0000000000000028       0x38 ./Src/main.o
 .debug_aranges
                0x0000000000000060       0x20 ./Src/stm32l4xx_hal_msp.o
 .debug_aranges
                0x0000000000000080       0x20 ./Src/stm32l4xx_it.o
 .debug_aranges
                0x00000000000000a0       0x28 ./Src/system_stm32l4xx.o
 .debug_aranges
                0x00000000000000c8      0x118 ./Drivers/STM32L4xx_HAL_Driver/Src/stm32l4xx_hal.o
 .debug_aranges
                0x00000000000001e0       0xa8 ./Drivers/STM32L4xx_HAL_Driver/Src/stm32l4xx_hal_cortex.o
 .debug_aranges
                0x0000000000000288       0x58 ./Drivers/STM32L4xx_HAL_Driver/Src/stm32l4xx_hal_gpio.o
 .debug_aranges
                0x00000000000002e0      0x148 ./Drivers/STM32L4xx_HAL_Driver/Src/stm32l4xx_hal_pwr_ex.o
 .debug_aranges
                0x0000000000000428       0x88 ./Drivers/STM32L4xx_HAL_Driver/Src/stm32l4xx_hal_rcc.o

.debug_str      0x0000000000000000    0xdd796
 .debug_str     0x0000000000000000       0x5a ./startup/startup_stm32l476xx.o
 .debug_str     0x000000000000005a    0xdc283 ./Src/main.o
                                      0xdc6b4 (size before relaxing)
 .debug_str     0x00000000000dc2dd       0x44 ./Src/stm32l4xx_hal_msp.o
                                      0xdc3d7 (size before relaxing)
 .debug_str     0x00000000000dc321       0x5b ./Src/stm32l4xx_it.o
                                      0xdbda8 (size before relaxing)
 .debug_str     0x00000000000dc37c      0x102 ./Src/system_stm32l4xx.o
                                      0x9aa4a (size before relaxing)
 .debug_str     0x00000000000dc47e      0x5fa ./Drivers/STM32L4xx_HAL_Driver/Src/stm32l4xx_hal.o
                                      0xdcaf9 (size before relaxing)
 .debug_str     0x00000000000dca78      0x34d ./Drivers/STM32L4xx_HAL_Driver/Src/stm32l4xx_hal_cortex.o
                                      0xdc7ac (size before relaxing)
 .debug_str     0x00000000000dcdc5      0x259 ./Drivers/STM32L4xx_HAL_Driver/Src/stm32l4xx_hal_gpio.o
                                      0xdc234 (size before relaxing)
 .debug_str     0x00000000000dd01e      0x48b ./Drivers/STM32L4xx_HAL_Driver/Src/stm32l4xx_hal_pwr_ex.o
                                      0xdc47a (size before relaxing)
 .debug_str     0x00000000000dd4a9      0x2ed ./Drivers/STM32L4xx_HAL_Driver/Src/stm32l4xx_hal_rcc.o
                                      0xdc533 (size before relaxing)

.debug_ranges   0x0000000000000000      0x490
 .debug_ranges  0x0000000000000000       0x20 ./startup/startup_stm32l476xx.o
 .debug_ranges  0x0000000000000020       0x28 ./Src/main.o
 .debug_ranges  0x0000000000000048       0x10 ./Src/stm32l4xx_hal_msp.o
 .debug_ranges  0x0000000000000058       0x10 ./Src/stm32l4xx_it.o
 .debug_ranges  0x0000000000000068       0x18 ./Src/system_stm32l4xx.o
 .debug_ranges  0x0000000000000080      0x108 ./Drivers/STM32L4xx_HAL_Driver/Src/stm32l4xx_hal.o
 .debug_ranges  0x0000000000000188       0xf8 ./Drivers/STM32L4xx_HAL_Driver/Src/stm32l4xx_hal_cortex.o
 .debug_ranges  0x0000000000000280       0x48 ./Drivers/STM32L4xx_HAL_Driver/Src/stm32l4xx_hal_gpio.o
 .debug_ranges  0x00000000000002c8      0x138 ./Drivers/STM32L4xx_HAL_Driver/Src/stm32l4xx_hal_pwr_ex.o
 .debug_ranges  0x0000000000000400       0x90 ./Drivers/STM32L4xx_HAL_Driver/Src/stm32l4xx_hal_rcc.o

.debug_macro    0x0000000000000000    0x25009
 .debug_macro   0x0000000000000000      0x2fd ./Src/main.o
 .debug_macro   0x00000000000002fd      0xa4e ./Src/main.o
 .debug_macro   0x0000000000000d4b       0x64 ./Src/main.o
 .debug_macro   0x0000000000000daf       0xa8 ./Src/main.o
 .debug_macro   0x0000000000000e57       0x2e ./Src/main.o
 .debug_macro   0x0000000000000e85       0x28 ./Src/main.o
 .debug_macro   0x0000000000000ead      0x34e ./Src/main.o
 .debug_macro   0x00000000000011fb       0x35 ./Src/main.o
 .debug_macro   0x0000000000001230       0x50 ./Src/main.o
 .debug_macro   0x0000000000001280      0xe66 ./Src/main.o
 .debug_macro   0x00000000000020e6    0x1a1c2 ./Src/main.o
 .debug_macro   0x000000000001c2a8       0x43 ./Src/main.o
 .debug_macro   0x000000000001c2eb     0x36a8 ./Src/main.o
 .debug_macro   0x000000000001f993       0x22 ./Src/main.o
 .debug_macro   0x000000000001f9b5       0x52 ./Src/main.o
 .debug_macro   0x000000000001fa07       0x17 ./Src/main.o
 .debug_macro   0x000000000001fa1e       0x8d ./Src/main.o
 .debug_macro   0x000000000001faab       0x35 ./Src/main.o
 .debug_macro   0x000000000001fae0       0x9c ./Src/main.o
 .debug_macro   0x000000000001fb7c       0x16 ./Src/main.o
 .debug_macro   0x000000000001fb92       0x57 ./Src/main.o
 .debug_macro   0x000000000001fbe9       0x97 ./Src/main.o
 .debug_macro   0x000000000001fc80      0x330 ./Src/main.o
 .debug_macro   0x000000000001ffb0       0xfd ./Src/main.o
 .debug_macro   0x00000000000200ad       0x10 ./Src/main.o
 .debug_macro   0x00000000000200bd       0x58 ./Src/main.o
 .debug_macro   0x0000000000020115       0x1f ./Src/main.o
 .debug_macro   0x0000000000020134       0x43 ./Src/main.o
 .debug_macro   0x0000000000020177       0x20 ./Src/main.o
 .debug_macro   0x0000000000020197      0x18e ./Src/main.o
 .debug_macro   0x0000000000020325       0x10 ./Src/main.o
 .debug_macro   0x0000000000020335       0x6a ./Src/main.o
 .debug_macro   0x000000000002039f       0x1c ./Src/main.o
 .debug_macro   0x00000000000203bb       0x52 ./Src/main.o
 .debug_macro   0x000000000002040d       0x40 ./Src/main.o
 .debug_macro   0x000000000002044d       0x10 ./Src/main.o
 .debug_macro   0x000000000002045d       0x40 ./Src/main.o
 .debug_macro   0x000000000002049d       0xd7 ./Src/main.o
 .debug_macro   0x0000000000020574       0x1c ./Src/main.o
 .debug_macro   0x0000000000020590       0x3d ./Src/main.o
 .debug_macro   0x00000000000205cd       0x16 ./Src/main.o
 .debug_macro   0x00000000000205e3      0x16f ./Src/main.o
 .debug_macro   0x0000000000020752       0x57 ./Src/main.o
 .debug_macro   0x00000000000207a9     0x1566 ./Src/main.o
 .debug_macro   0x0000000000021d0f      0x59e ./Src/main.o
 .debug_macro   0x00000000000222ad      0x148 ./Src/main.o
 .debug_macro   0x00000000000223f5      0x18b ./Src/main.o
 .debug_macro   0x0000000000022580      0x26b ./Src/main.o
 .debug_macro   0x00000000000227eb      0x23a ./Src/main.o
 .debug_macro   0x0000000000022a25      0x367 ./Src/main.o
 .debug_macro   0x0000000000022d8c       0x10 ./Src/main.o
 .debug_macro   0x0000000000022d9c       0xe4 ./Src/main.o
 .debug_macro   0x0000000000022e80      0x202 ./Src/main.o
 .debug_macro   0x0000000000023082       0x61 ./Src/main.o
 .debug_macro   0x00000000000230e3       0x90 ./Src/main.o
 .debug_macro   0x0000000000023173      0x126 ./Src/main.o
 .debug_macro   0x0000000000023299      0x3db ./Src/main.o
 .debug_macro   0x0000000000023674      0x325 ./Src/main.o
 .debug_macro   0x0000000000023999      0x2f9 ./Src/stm32l4xx_hal_msp.o
 .debug_macro   0x0000000000023c92      0x303 ./Src/stm32l4xx_it.o
 .debug_macro   0x0000000000023f95       0xa4 ./Src/system_stm32l4xx.o
 .debug_macro   0x0000000000024039      0x347 ./Drivers/STM32L4xx_HAL_Driver/Src/stm32l4xx_hal.o
 .debug_macro   0x0000000000024380      0x2f9 ./Drivers/STM32L4xx_HAL_Driver/Src/stm32l4xx_hal_cortex.o
 .debug_macro   0x0000000000024679      0x338 ./Drivers/STM32L4xx_HAL_Driver/Src/stm32l4xx_hal_gpio.o
 .debug_macro   0x00000000000249b1      0x31d ./Drivers/STM32L4xx_HAL_Driver/Src/stm32l4xx_hal_pwr_ex.o
 .debug_macro   0x0000000000024cce      0x33b ./Drivers/STM32L4xx_HAL_Driver/Src/stm32l4xx_hal_rcc.o

.comment        0x0000000000000000       0x7e
 .comment       0x0000000000000000       0x7e ./Src/main.o
                                         0x7f (size before relaxing)
 .comment       0x000000000000007e       0x7f ./Src/stm32l4xx_hal_msp.o
 .comment       0x000000000000007e       0x7f ./Src/stm32l4xx_it.o
 .comment       0x000000000000007e       0x7f ./Src/system_stm32l4xx.o
 .comment       0x000000000000007e       0x7f ./Drivers/STM32L4xx_HAL_Driver/Src/stm32l4xx_hal.o
 .comment       0x000000000000007e       0x7f ./Drivers/STM32L4xx_HAL_Driver/Src/stm32l4xx_hal_cortex.o
 .comment       0x000000000000007e       0x7f ./Drivers/STM32L4xx_HAL_Driver/Src/stm32l4xx_hal_gpio.o
 .comment       0x000000000000007e       0x7f ./Drivers/STM32L4xx_HAL_Driver/Src/stm32l4xx_hal_pwr_ex.o
 .comment       0x000000000000007e       0x7f ./Drivers/STM32L4xx_HAL_Driver/Src/stm32l4xx_hal_rcc.o

.debug_frame    0x0000000000000000      0x970
 .debug_frame   0x0000000000000000       0x78 ./Src/main.o
 .debug_frame   0x0000000000000078       0x2c ./Src/stm32l4xx_hal_msp.o
 .debug_frame   0x00000000000000a4       0x28 ./Src/stm32l4xx_it.o
 .debug_frame   0x00000000000000cc       0x30 ./Src/system_stm32l4xx.o
 .debug_frame   0x00000000000000fc      0x23c ./Drivers/STM32L4xx_HAL_Driver/Src/stm32l4xx_hal.o
 .debug_frame   0x0000000000000338      0x15c ./Drivers/STM32L4xx_HAL_Driver/Src/stm32l4xx_hal_cortex.o
 .debug_frame   0x0000000000000494       0xd8 ./Drivers/STM32L4xx_HAL_Driver/Src/stm32l4xx_hal_gpio.o
 .debug_frame   0x000000000000056c      0x278 ./Drivers/STM32L4xx_HAL_Driver/Src/stm32l4xx_hal_pwr_ex.o
 .debug_frame   0x00000000000007e4      0x160 ./Drivers/STM32L4xx_HAL_Driver/Src/stm32l4xx_hal_rcc.o
 .debug_frame   0x0000000000000944       0x2c /Users/eser/opt/gcc-arm-none-eabi-7-2017-q4-major/bin/../lib/gcc/arm-none-eabi/7.2.1/../../../../arm-none-eabi/lib/thumb/v7e-m/libg_nano.a(lib_a-init.o)

.debug_loc      0x0000000000000000     0x1b0b
 .debug_loc     0x0000000000000000      0x1b8 ./Src/system_stm32l4xx.o
 .debug_loc     0x00000000000001b8       0xf8 ./Drivers/STM32L4xx_HAL_Driver/Src/stm32l4xx_hal.o
 .debug_loc     0x00000000000002b0      0x5ce ./Drivers/STM32L4xx_HAL_Driver/Src/stm32l4xx_hal_cortex.o
 .debug_loc     0x000000000000087e      0x3a5 ./Drivers/STM32L4xx_HAL_Driver/Src/stm32l4xx_hal_gpio.o
 .debug_loc     0x0000000000000c23      0x8e9 ./Drivers/STM32L4xx_HAL_Driver/Src/stm32l4xx_hal_pwr_ex.o
 .debug_loc     0x000000000000150c      0x5ff ./Drivers/STM32L4xx_HAL_Driver/Src/stm32l4xx_hal_rcc.o
